[2026-08-25 23:30:02] [INFO] ╔════════════════════════════════════════════════════════╗
[2026-08-25 23:30:02] [INFO] ║  定时回顾更新助手 v2.0 - 小米辣                          ║
[2026-08-25 23:30:02] [INFO] ╠════════════════════════════════════════════════════════╣
[2026-08-25 23:30:02] [INFO] ║  日期：2026-08-25
[2026-08-25 23:30:02] [INFO] ║  模式：午间/晚间 回顾 (full)
[2026-08-25 23:30:02] [INFO] ║  身份：小米辣 🌶️ | GitHub: 
[2026-08-25 23:30:02] [INFO] ╚════════════════════════════════════════════════════════╝
[2026-08-25 23:30:02] [INFO]   📝 检查今日日志模板...
[2026-08-25 23:30:02] [INFO] 🔍 步骤 1/10: 严格身份验证...
[2026-08-25 23:30:02] [WARN]   ⚠️ SOUL.md 中未找到 '小米辣' 名称
[2026-08-25 23:30:02] [INFO]   ✅ GitHub 身份验证通过：
[2026-08-25 23:30:02] [INFO]   ✅ 身份：小米辣 🌶️ | GitHub: 
[2026-08-25 23:30:02] [INFO]   ✅ 工作区：/home/zhaog/.openclaw/workspace
[2026-08-25 23:30:02] [INFO]   ✅ 远程仓库：origin → xiaomila-skills
[2026-08-25 23:30:02] [ERROR]   ❌ 身份验证失败，请检查 SOUL.md 和 MEMORY.md
[2026-08-25 23:30:02] [INFO] 🔒 步骤 2/10: 远程仓库安全检查...
[2026-08-25 23:30:02] [INFO]   🔍 检查远程仓库配置...
[2026-08-25 23:30:02] [INFO]   📍 origin: https://github.com/zhaog100/xiaomila-skills.git
[2026-08-25 23:30:02] [INFO]   📍 skills: git@github.com:zhaog100/openclaw-skills.git
[2026-08-25 23:30:02] [INFO]   ✅ origin 仓库配置正确：xiaomila-skills（不推送）
[2026-08-25 23:30:02] [INFO]   ✅ skills 仓库配置正确：openclaw-skills（可推送）
[2026-08-25 23:30:02] [INFO]   ✅ Git 推送：已同步
[2026-08-25 23:30:02] [INFO]   🔒 安全警告：本任务只推送到 skills 仓库，不推送到 origin
[2026-08-25 23:30:02] [INFO] 📊 步骤 3/10: PR状态监控...
[2026-08-25 23:30:02] [INFO]   📊 获取PR状态...
[2026-08-25 23:30:02] [INFO]   📊 Open PRs: 0 个
[2026-08-25 23:30:02] [INFO]   ✅ Merged PRs: 0 个
[2026-08-25 23:30:02] [INFO] 💰 步骤 4/10: 财务状态汇总...
[2026-08-25 23:30:02] [INFO]   💰 Bounty收益统计：
[2026-08-25 23:30:02] [INFO]   🎯 Bounty PRs: 0 个
[2026-08-25 23:30:02] [INFO]   ⏳ 待收款: 待统计
[2026-08-25 23:30:02] [INFO] 📋 步骤 5/10: 今日任务回顾...
[2026-08-25 23:30:02] [INFO]   📋 检查今日任务完成情况...
[2026-08-25 23:30:02] [INFO]   ✅ 全天任务: 1 个完成
[2026-08-25 23:30:02] [INFO] 💻 步骤 6/10: Git提交回顾...
[2026-08-25 23:30:02] [INFO]   💻 检查Git提交...
[2026-08-25 23:30:02] [INFO]   ✅ full提交: 3 个
[2026-08-25 23:30:02] [INFO]   📋 重要提交：
[2026-08-25 23:30:02] [INFO]     - 45ae4efb chore: 2026-08-25 系统化整理 - 技能命名修复、系统检查、记忆更新
[2026-08-25 23:30:02] [INFO]     - b0b584d6 chore: add workspace config files and bounty scripts
[2026-08-25 23:30:02] [INFO]     - e47f5640 chore: 2026-08-25 晚间回顾 - 记忆整理、context-manager-v2修复
[2026-08-25 23:30:02] [WARN]   ⚠️ 有 3 个未提交的文件
[2026-08-25 23:30:02] [INFO]   ✅ Git推送已同步
[2026-08-25 23:30:02] [INFO] 🎓 步骤 7/10: 学习总结和经验教训...
[2026-08-25 23:30:02] [INFO]   🎓 学习总结：
[2026-08-25 23:30:02] [INFO]   📝 今日暂无学习笔记
[2026-08-25 23:30:02] [INFO]   💡 经验教训：
[2026-08-25 23:30:02] [INFO]   ✅ 经验教训：1 条
[2026-08-25 23:30:02] [INFO] 🏗️ 步骤 8/10: PROJMGMT 暂停检查...
[2026-08-25 23:30:02] [INFO]   🏗️ 开始 PROJMGMT 每日暂停检查...
[2026-08-25 23:30:02] [INFO]   ⏸️ 今日已有暂停标记，跳过重复暂停
[2026-08-25 23:30:02] [INFO]   🔒 检查是否需要提交/推送...
[2026-08-25 23:30:02] [INFO]   ✅ 日报无变化，无需提交
[2026-08-25 23:30:02] [INFO]   ✅ PROJMGMT 与远程同步: 79e62f45b6a048c58413e18489179bb183a0d2c5
[2026-08-25 23:30:02] [INFO]   🧠 更新记忆文件...
[2026-08-25 23:30:02] [INFO]   ✅ 记忆文件已有今日记录，跳过
[2026-08-25 23:30:02] [INFO]   ✅ PROJMGMT 暂停检查完成
[2026-08-25 23:30:02] [INFO] 🧠 步骤 9/10: QMD 向量更新...
[2026-08-25 23:30:02] [INFO]   🧠 检查 QMD 更新...
[2026-08-25 23:30:02] [WARN]   ⚠️ QMD 未安装，跳过向量更新
[2026-08-25 23:30:02] [INFO] 🔄 步骤 10/10: 查漏补缺和MEMORY更新...
[2026-08-25 23:30:02] [INFO]   🔍 查漏补缺分析...
[2026-08-25 23:30:02] [INFO]   📚 MEMORY.md更新...
[2026-08-25 23:30:03] [INFO]   🧠 智能更新MEMORY.md...
[2026-08-25 23:30:03] [INFO]   📋 更新今日总结...
[2026-08-25 23:30:03] [INFO] ✅ full回顾完成！
[2026-08-25 23:30:03] [INFO] 
[2026-08-25 23:30:03] [INFO] 📊 执行摘要：
[2026-08-25 23:30:03] [INFO] ╔════════════════════════════════════════════════════════╗
[2026-08-25 23:30:03] [INFO] ║  执行摘要                                              ║
[2026-08-25 23:30:03] [INFO] ╚════════════════════════════════════════════════════════╝
[2026-08-25 23:30:03] [INFO] ✅ 完成任务: 1 个
[2026-08-25 23:30:03] [INFO] 💻 Git提交: 3 个
[2026-08-25 23:30:03] [INFO] 📊 Open PRs: 0 个
[2026-08-25 23:30:03] [INFO] 🎓 学习笔记: 0
0 条
[2026-08-25 23:30:03] [INFO] 💡 经验教训: 0
0 条
[2026-08-25 23:30:03] [INFO] 🔍 发现遗漏: 4 个
[2026-08-25 23:30:03] [INFO] 
[2026-08-25 23:30:03] [INFO] 📊 总体评价: 🔴 需改进
[2026-08-25 23:30:03] [INFO] 📡 推送通知到QQ Bot: 今日回顾完成 ✅ | 任务: 1 | Git: 3 | PR: 0 | 遗漏: 4
