[2026-08-25 23:30:02] [INFO] ╔════════════════════════════════════════════════════════╗
[2026-08-25 23:30:02] [INFO] ║  查漏补缺分析器 v2.0 - 小米辣                            ║
[2026-08-25 23:30:02] [INFO] ╚════════════════════════════════════════════════════════╝
[2026-08-25 23:30:02] [INFO] 
[2026-08-25 23:30:02] [INFO] 🔍 开始全方位检查...
[2026-08-25 23:30:02] [INFO] 
[2026-08-25 23:30:02] [INFO] 📋 1. 记忆系统检查
[2026-08-25 23:30:02] [INFO]   📝 检查记忆系统完整性...
[2026-08-25 23:30:02] [INFO]   ✅ 今日日志：已创建
[2026-08-25 23:30:02] [WARN]   ⚠️ 日志结构不完整：缺少 4 个章节
[2026-08-25 23:30:02] [INFO]   ✅ 日志内容：充实（评分 3/10）
[2026-08-25 23:30:02] [INFO]   ✅ MEMORY.md：已更新（1小时前）
[2026-08-25 23:30:02] [WARN]   ⚠️ MEMORY.md 内容质量较低
[2026-08-25 23:30:02] [INFO]   ✅ HEARTBEAT.md：已更新（1小时前）
[2026-08-25 23:30:02] [INFO]   📊 记忆系统检查：发现 5 个问题
[2026-08-25 23:30:03] [INFO] ╔════════════════════════════════════════════════════════╗
[2026-08-25 23:30:03] [INFO] ║  查漏补缺分析器 v2.0 - 小米辣                            ║
[2026-08-25 23:30:03] [INFO] ╚════════════════════════════════════════════════════════╝
[2026-08-25 23:30:03] [INFO] 
[2026-08-25 23:30:03] [INFO] 🔍 开始全方位检查...
[2026-08-25 23:30:03] [INFO] 
[2026-08-25 23:30:03] [INFO] 📋 1. 记忆系统检查
[2026-08-25 23:30:03] [INFO]   📝 检查记忆系统完整性...
[2026-08-25 23:30:03] [INFO]   ✅ 今日日志：已创建
[2026-08-25 23:30:03] [WARN]   ⚠️ 日志结构不完整：缺少 4 个章节
[2026-08-25 23:30:03] [INFO]   ✅ 日志内容：充实（评分 3/10）
[2026-08-25 23:30:03] [INFO]   ✅ MEMORY.md：已更新（0小时前）
[2026-08-25 23:30:03] [INFO]   ✅ HEARTBEAT.md：已更新（1小时前）
[2026-08-25 23:30:03] [INFO]   📊 记忆系统检查：发现 4 个问题
