[2026-08-25 23:30:03] [INFO] ╔════════════════════════════════════════════════════════╗
[2026-08-25 23:30:03] [INFO] ║  记忆更新器 v2.0 - 小米辣                                ║
[2026-08-25 23:30:03] [INFO] ╚════════════════════════════════════════════════════════╝
[2026-08-25 23:30:03] [INFO] 📝 更新今日日志：/home/zhaog/.openclaw/workspace/memory/2026-08-25.md
[2026-08-25 23:30:03] [INFO]   ✅ 今日日志已存在
[2026-08-25 23:30:03] [INFO]   🔧 检查日志结构完整性...
[2026-08-25 23:30:03] [INFO]   ✅ 添加学习笔记章节
[2026-08-25 23:30:03] [INFO]   ✅ 添加经验教训章节
[2026-08-25 23:30:03] [INFO]   ✅ 添加财务状态章节
[2026-08-25 23:30:03] [INFO] 📝 更新 MEMORY.md
[2026-08-25 23:30:03] [INFO]   ✅ 今日完成任务：1 个
[2026-08-25 23:30:03] [INFO]   🧠 智能提炼重要内容...
[2026-08-25 23:30:03] [INFO]   💰 发现财务相关信息
[2026-08-25 23:30:03] [INFO]   💎 更新财务锚点词...
[2026-08-25 23:30:03] [INFO]   ⏰ 更新时间戳...
[2026-08-25 23:30:03] [INFO]   ✅ 时间戳已更新
[2026-08-25 23:30:03] [INFO] ╔════════════════════════════════════════════════════════╗
[2026-08-25 23:30:03] [INFO] ║  记忆更新报告                                          ║
[2026-08-25 23:30:03] [INFO] ╠════════════════════════════════════════════════════════╣
[2026-08-25 23:30:03] [INFO] ║  日期：2026-08-25
[2026-08-25 23:30:03] [INFO] ║  今日日志：✅ 已创建
[2026-08-25 23:30:03] [INFO] ║  MEMORY.md: ✅ 已更新
[2026-08-25 23:30:03] [INFO] ║  内容提炼：0
0 条
[2026-08-25 23:30:03] [INFO] ╚════════════════════════════════════════════════════════╝
[2026-08-25 23:30:03] [INFO] ✅ 记忆更新完成！
