=== 热点采集开始 ===
时间: 2026-04-25 09:00
数据源: 百度热搜
正在采集百度热搜...
正在解析数据...
✅ 热点采集完成
输出: /root/.openclaw/workspace/intel/热点选题.md
条目: 20
=== 热点采集开始 ===
时间: 2026-04-26 09:00
数据源: 百度热搜
正在采集百度热搜...
正在解析数据...
✅ 热点采集完成
输出: /root/.openclaw/workspace/intel/热点选题.md
条目: 20
=== 热点采集开始 ===
时间: 2026-04-27 09:00
数据源: 百度热搜
正在采集百度热搜...
正在解析数据...
✅ 热点采集完成
输出: /root/.openclaw/workspace/intel/热点选题.md
条目: 20
=== 热点采集开始 ===
时间: 2026-04-28 09:00
数据源: 百度热搜
正在采集百度热搜...
正在解析数据...
✅ 热点采集完成
输出: /root/.openclaw/workspace/intel/热点选题.md
条目: 20
=== 热点采集开始 ===
时间: 2026-04-29 09:00
数据源: 百度热搜
正在采集百度热搜...
正在解析数据...
✅ 热点采集完成
输出: /root/.openclaw/workspace/intel/热点选题.md
条目: 20
