[2026-04-09 16:24:44] 脚本启动
[2026-04-09 16:24:45] ✅ LongCat 配置已启用
[2026-04-09 16:24:45] 📊 总额度：55000000 tokens/天 (11账号 × 500 万)
[2026-04-09 16:24:45] ===== 美团 LongCat 额度检查 =====
[2026-04-09 16:24:45] ✅ 额度正常：0%
[2026-04-09 16:24:45] ===== 检查完成 =====
[2026-04-09 16:30:15] 脚本启动
[2026-04-09 16:30:15] ✅ LongCat 配置已启用
[2026-04-09 16:30:15] 📊 LongCat-Flash-Lite 配额：16666666 tokens/天
[2026-04-09 16:30:15] 📊 总额度：55000000 tokens/天 (11账号 × 500 万)
[2026-04-09 16:30:15] ===== 美团 LongCat 额度检查 =====
[2026-04-09 16:30:15] ✅ 额度正常：0%
[2026-04-09 16:30:15] ===== 检查完成 =====
[2026-04-09 17:11:01] 脚本启动
[2026-04-09 17:11:01] ✅ LongCat 配置已启用
[2026-04-09 17:11:01] 📊 LongCat 供应商统一配额：16666666 tokens/天
[2026-04-09 17:11:01] 📊 模型数量：5 个（所有模型共享配额）
[2026-04-09 17:11:01] ===== 美团 LongCat 额度检查 =====
[2026-04-09 17:11:01] ✅ 额度正常：0%
[2026-04-09 17:11:01] ===== 检查完成 =====
[2026-04-09 17:53:55] 脚本启动
[2026-04-09 17:53:55] ✅ LongCat 配置已启用
[2026-04-09 17:53:55] 📊 LongCat 供应商统一配额：16666666 tokens/天
[2026-04-09 17:53:55] 📊 模型数量：5 个（所有模型共享配额）
[2026-04-09 17:53:55] ===== 美团 LongCat 额度检查 =====
[2026-04-09 17:53:55] ✅ 额度正常：0%
[2026-04-09 17:53:55] ===== 检查完成 =====
[2026-04-09 17:53:57] 脚本启动
[2026-04-09 17:53:57] ✅ LongCat 配置已启用
[2026-04-09 17:53:57] 📊 LongCat 供应商统一配额：16666666 tokens/天
[2026-04-09 17:53:57] 📊 模型数量：5 个（所有模型共享配额）
[2026-04-09 17:53:57] ===== 美团 LongCat 额度检查 =====
[2026-04-09 17:53:57] ✅ 额度正常：0%
[2026-04-09 17:53:57] ===== 检查完成 =====
[2026-04-09 17:54:08] 脚本启动
[2026-04-09 17:54:08] ✅ LongCat 配置已启用
[2026-04-09 17:54:08] 📊 LongCat 供应商统一配额：16666666 tokens/天
[2026-04-09 17:54:08] 📊 模型数量：5 个（所有模型共享配额）
[2026-04-09 17:54:08] ===== 美团 LongCat 额度检查 =====
[2026-04-09 17:54:08] ✅ 额度正常：0%
[2026-04-09 17:54:08] ===== 检查完成 =====
