2026-03-25 15:44:40.069 | INFO     | qmd:create_store:40 - 使用数据库: /home/zhaog/.openclaw-media/.config/qmd/qmd.db
2026-03-25 15:44:40.070 | INFO     | qmd.cli.main:cmd_update:92 - 更新 collection: xiaomila-media
2026-03-25 15:44:40.070 | INFO     | qmd.core.store:update_collection:189 - 扫描集合: xiaomila-media @ /home/zhaog/.openclaw/workspace/agents/xiaomila-media (pattern: **/*.md)
2026-03-25 15:44:40.073 | INFO     | qmd.core.store:update_collection:249 - 集合更新完成: xiaomila-media - {'indexed': 0, 'updated': 0, 'unchanged': 19, 'title_updated': 0, 'removed': 0, 'skipped': 0}
✓ 索引更新完成:
  Collections: 1
  新增: 0
  更新: 0
  未变化: 19
2026-03-26 06:10:01.805 | INFO     | qmd:create_store:40 - 使用数据库: /home/zhaog/.config/qmd/qmd.db
2026-03-26 06:10:01.810 | INFO     | qmd.cli.main:cmd_update:92 - 更新 collection: knowledge
2026-03-26 06:10:01.810 | INFO     | qmd.core.store:update_collection:189 - 扫描集合: knowledge @ /home/zhaog/.openclaw/workspace/knowledge (pattern: **/*.md)
2026-03-26 06:10:01.883 | INFO     | qmd.core.store:update_collection:249 - 集合更新完成: knowledge - {'indexed': 0, 'updated': 0, 'unchanged': 109, 'title_updated': 0, 'removed': 0, 'skipped': 0}
✓ 索引更新完成:
  Collections: 1
  新增: 0
  更新: 0
  未变化: 109
Updating 1 collection(s)...

[1/1] xiaomijiao (**/*.md)
Collection: /root/.openclaw/workspace (**/*.md)

Indexed: 8 new, 2 updated, 1054 unchanged, 0 removed
Cleaned up 2 orphaned content hash(es)

✓ All collections updated.

Run 'qmd embed' to update embeddings (659 unique hashes need vectors)
Updating 1 collection(s)...

[1/1] xiaomijiao (**/*.md)
Collection: /root/.openclaw/workspace (**/*.md)

Indexed: 0 new, 1 updated, 1063 unchanged, 0 removed
Cleaned up 1 orphaned content hash(es)

✓ All collections updated.

Run 'qmd embed' to update embeddings (659 unique hashes need vectors)
Updating 1 collection(s)...

[1/1] xiaomijiao (**/*.md)
Collection: /root/.openclaw/workspace (**/*.md)

Indexed: 1 new, 2 updated, 1062 unchanged, 0 removed
Cleaned up 2 orphaned content hash(es)

✓ All collections updated.

Run 'qmd embed' to update embeddings (660 unique hashes need vectors)
Updating 1 collection(s)...

[1/1] xiaomijiao (**/*.md)
Collection: /root/.openclaw/workspace (**/*.md)

Indexed: 3 new, 4 updated, 1061 unchanged, 0 removed
Cleaned up 4 orphaned content hash(es)

✓ All collections updated.

Run 'qmd embed' to update embeddings (663 unique hashes need vectors)
Updating 1 collection(s)...

[1/1] xiaomijiao (**/*.md)
Collection: /root/.openclaw/workspace (**/*.md)

Indexed: 0 new, 0 updated, 1071 unchanged, 0 removed

✓ All collections updated.

Run 'qmd embed' to update embeddings (667 unique hashes need vectors)
Updating 1 collection(s)...

[1/1] xiaomijiao (**/*.md)
Collection: /root/.openclaw/workspace (**/*.md)

Indexed: 3 new, 3 updated, 1068 unchanged, 0 removed
Cleaned up 3 orphaned content hash(es)

✓ All collections updated.

Run 'qmd embed' to update embeddings (670 unique hashes need vectors)
Updating 1 collection(s)...

[1/1] xiaomijiao (**/*.md)
Collection: /root/.openclaw/workspace (**/*.md)

Indexed: 3 new, 3 updated, 1071 unchanged, 0 removed
Cleaned up 3 orphaned content hash(es)

✓ All collections updated.

Run 'qmd embed' to update embeddings (673 unique hashes need vectors)
